// Jest Snapshot v1, https://goo.gl/fbAQLP

exports[`renders 1`] = `
<DocumentFragment>
  <div
    class="sc-papXJ jruALX"
  >
    <form
      class="sc-bczRLJ jFsvqI"
    >
      <label
        for="site-search"
      >
        Search the site:
      </label>
      <div
        class="MuiFormControl-root MuiTextField-root css-1u3bzj6-MuiFormControl-root-MuiTextField-root"
      >
        <div
          class="MuiInput-root MuiInput-underline MuiInputBase-root MuiInputBase-colorPrimary MuiInputBase-formControl css-1ptx2yq-MuiInputBase-root-MuiInput-root"
        >
          <input
            aria-invalid="false"
            class="MuiInput-input MuiInputBase-input MuiInputBase-inputTypeSearch css-c63i49-MuiInputBase-input-MuiInput-input"
            id="site-search"
            name="q"
            placeholder="Search for..."
            type="search"
            value=""
          />
        </div>
      </div>
    </form>
    <div
      class="sc-gsnTZi gabPCU"
    >
      <img
        class="sc-dkzDqf dPWZXO"
        src="http://www.theprintworks.com/wp-content/themes/psBella/assets/img/film-poster-placeholder.png"
      />
      <img
        class="sc-dkzDqf dPWZXO"
        src="http://www.theprintworks.com/wp-content/themes/psBella/assets/img/film-poster-placeholder.png"
      />
      <img
        class="sc-dkzDqf dPWZXO"
        src="http://www.theprintworks.com/wp-content/themes/psBella/assets/img/film-poster-placeholder.png"
      />
      <img
        class="sc-dkzDqf dPWZXO"
        src="http://www.theprintworks.com/wp-content/themes/psBella/assets/img/film-poster-placeholder.png"
      />
      <img
        class="sc-dkzDqf dPWZXO"
        src="http://www.theprintworks.com/wp-content/themes/psBella/assets/img/film-poster-placeholder.png"
      />
    </div>
    <p>
      Search for movies to find what you should watch next...
    </p>
  </div>
</DocumentFragment>
`;
